[ape.qromo.it/order/index1cbf.html]
[backblue.gif]
[fade.gif]
[index.html]
[qromomilan.s3.eu-south-1.amazonaws.com/dist/qromo/9ba5b9c/favicon.png]
[qromomilan.s3.eu-south-1.amazonaws.com/dist/qromo/9ba5b9c/assets/order-tfMXU90s.js]
[qromomilan.s3.eu-south-1.amazonaws.com/dist/qromo/9ba5b9c/assets/index-BX7k1nCh.js]
[qromomilan.s3.eu-south-1.amazonaws.com/dist/qromo/9ba5b9c/assets/dates-H6YY-qjF.js]
[qromomilan.s3.eu-south-1.amazonaws.com/dist/qromo/9ba5b9c/assets/AppSwitch-DvNn9XTn.js]
[qromomilan.s3.eu-south-1.amazonaws.com/dist/qromo/9ba5b9c/assets/AppDropdown-sP_yurWJ.js]
[qromomilan.s3.eu-south-1.amazonaws.com/dist/qromo/9ba5b9c/assets/AppSelect-25W7QIFw.js]
[qromomilan.s3.eu-south-1.amazonaws.com/dist/qromo/9ba5b9c/assets/AppButton-CMSLQd3U.js]
[qromomilan.s3.eu-south-1.amazonaws.com/dist/qromo/9ba5b9c/assets/AppTextInput-fA1Z5gyL.js]
[qromomilan.s3.eu-south-1.amazonaws.com/dist/qromo/9ba5b9c/assets/AppPopup-CMC3esdB.js]
[qromomilan.s3.eu-south-1.amazonaws.com/dist/qromo/9ba5b9c/assets/AppList-_nPCbBx3.js]
[qromomilan.s3.eu-south-1.amazonaws.com/dist/qromo/9ba5b9c/assets/AppBottomSheet-DvCqGTG4.js]
[qromomilan.s3.eu-south-1.amazonaws.com/dist/qromo/9ba5b9c/assets/AppGlyphsExplosion-CLXr4m2D.js]
[qromomilan.s3.eu-south-1.amazonaws.com/dist/qromo/9ba5b9c/assets/vue-3-sanitize-DiTbiRv2.js]
[qromomilan.s3.eu-south-1.amazonaws.com/dist/qromo/9ba5b9c/assets/AppNotification-C8rYUsl6.js]
[qromomilan.s3.eu-south-1.amazonaws.com/dist/qromo/9ba5b9c/assets/WindowWidth-Bwh3ZodE.js]
[qromomilan.s3.eu-south-1.amazonaws.com/dist/qromo/9ba5b9c/assets/AppInPlaceCloud-Dg08S17k.js]
[qromomilan.s3.eu-south-1.amazonaws.com/dist/qromo/9ba5b9c/assets/AppQrImage-Ddv6PfvF.js]
[qromomilan.s3.eu-south-1.amazonaws.com/dist/qromo/9ba5b9c/assets/ui-RdZeQpUI.js]
[ape.qromo.it/order/index1cbf.html]
[www.googletagmanager.com/gtm5445.html]
[qromomilan.s3.eu-south-1.amazonaws.com/dist/qromo/9ba5b9c/assets/index-BIk96sXm.css]
[qromomilan.s3.eu-south-1.amazonaws.com/dist/qromo/9ba5b9c/assets/AppList-DRxdHBFm.css]
[qromomilan.s3.eu-south-1.amazonaws.com/dist/qromo/9ba5b9c/assets/AppButton-6liudjdI.css]
[qromomilan.s3.eu-south-1.amazonaws.com/dist/qromo/9ba5b9c/assets/AppDropdown-8Vh_t4Bq.css]
[qromomilan.s3.eu-south-1.amazonaws.com/dist/qromo/9ba5b9c/assets/AppBottomSheet-BQO4YCjd.css]
[qromomilan.s3.eu-south-1.amazonaws.com/dist/qromo/9ba5b9c/assets/AppGlyphsExplosion-BQ_Dz4vH.css]
[qromomilan.s3.eu-south-1.amazonaws.com/dist/qromo/9ba5b9c/assets/AppPopup-Dq7n9dnK.css]
[qromomilan.s3.eu-south-1.amazonaws.com/dist/qromo/9ba5b9c/assets/vue-3-sanitize--DoaCvuA.css]
[qromomilan.s3.eu-south-1.amazonaws.com/dist/qromo/9ba5b9c/assets/AppTextInput-u5y22tnX.css]
[qromomilan.s3.eu-south-1.amazonaws.com/dist/qromo/9ba5b9c/assets/AppNotification-BUJwUZk2.css]
[qromomilan.s3.eu-south-1.amazonaws.com/dist/qromo/9ba5b9c/assets/AppQrImage-8dnHYBcF.css]
[qromomilan.s3.eu-south-1.amazonaws.com/dist/qromo/9ba5b9c/assets/AppSwitch-BcZeoyUO.css]
[qromomilan.s3.eu-south-1.amazonaws.com/dist/qromo/9ba5b9c/assets/AppSelect-BP9m2c7N.css]
[qromomilan.s3.eu-south-1.amazonaws.com/dist/qromo/9ba5b9c/assets/AppInPlaceCloud-usc3XnsK.css]
[qromomilan.s3.eu-south-1.amazonaws.com/dist/qromo/9ba5b9c/assets/order-CNRwQFGP.css]
